D:\TweetApp-Back\TweetApp_Back\src\main\java\com\tweetapp\daoImpl\TweetsDaoImpl.java
D:\TweetApp-Back\TweetApp_Back\src\main\java\com\tweetapp\repository\CommentRepository.java
D:\TweetApp-Back\TweetApp_Back\src\main\java\com\tweetapp\payload\response\MessageResponse.java
D:\TweetApp-Back\TweetApp_Back\src\main\java\com\tweetapp\daoImpl\UserDaoImpl.java
D:\TweetApp-Back\TweetApp_Back\src\main\java\com\tweetapp\repository\LikeRepository.java
D:\TweetApp-Back\TweetApp_Back\src\main\java\com\tweetapp\domain\Users.java
D:\TweetApp-Back\TweetApp_Back\src\main\java\com\tweetapp\facade\UsersFacade.java
D:\TweetApp-Back\TweetApp_Back\src\main\java\com\tweetapp\payload\response\JwtResponse.java
D:\TweetApp-Back\TweetApp_Back\src\main\java\com\tweetapp\security\services\UserDetailsImpl.java
D:\TweetApp-Back\TweetApp_Back\src\main\java\com\tweetapp\util\TweetAppUtil.java
D:\TweetApp-Back\TweetApp_Back\src\main\java\com\tweetapp\security\services\UserDetailsServiceImpl.java
D:\TweetApp-Back\TweetApp_Back\src\main\java\com\tweetapp\dao\UsersDao.java
D:\TweetApp-Back\TweetApp_Back\src\main\java\com\tweetapp\payload\response\UsersResponse.java
D:\TweetApp-Back\TweetApp_Back\src\main\java\com\tweetapp\facade\TweetsFacade.java
D:\TweetApp-Back\TweetApp_Back\src\main\java\com\tweetapp\config\WebSecurityConfig.java
D:\TweetApp-Back\TweetApp_Back\src\main\java\com\tweetapp\exception\ResourceNotFoundException.java
D:\TweetApp-Back\TweetApp_Back\src\main\java\com\tweetapp\service\TweetServices.java
D:\TweetApp-Back\TweetApp_Back\src\main\java\com\tweetapp\dao\TweetsDao.java
D:\TweetApp-Back\TweetApp_Back\src\main\java\com\tweetapp\payload\request\TweetRequest.java
D:\TweetApp-Back\TweetApp_Back\src\main\java\com\tweetapp\service\UserServices.java
D:\TweetApp-Back\TweetApp_Back\src\main\java\com\tweetapp\security\jwt\AuthEntryPointJwt.java
D:\TweetApp-Back\TweetApp_Back\src\main\java\com\tweetapp\domain\Tweets.java
D:\TweetApp-Back\TweetApp_Back\src\main\java\com\tweetapp\payload\response\CommentResponse.java
D:\TweetApp-Back\TweetApp_Back\src\main\java\com\tweetapp\controller\TweetsController.java
D:\TweetApp-Back\TweetApp_Back\src\main\java\com\tweetapp\security\jwt\AuthTokenFilter.java
D:\TweetApp-Back\TweetApp_Back\src\main\java\com\tweetapp\exception\GlobalExceptionHandler.java
D:\TweetApp-Back\TweetApp_Back\src\main\java\com\tweetapp\exception\UserNotFoundException.java
D:\TweetApp-Back\TweetApp_Back\src\main\java\com\tweetapp\payload\response\TweetResponseList.java
D:\TweetApp-Back\TweetApp_Back\src\main\java\com\tweetapp\payload\response\TweetResponse.java
D:\TweetApp-Back\TweetApp_Back\src\main\java\com\tweetapp\repository\RolesRepository.java
D:\TweetApp-Back\TweetApp_Back\src\main\java\com\tweetapp\serviceImpl\TweetServicesImpl.java
D:\TweetApp-Back\TweetApp_Back\src\main\java\com\tweetapp\security\jwt\JwtUtils.java
D:\TweetApp-Back\TweetApp_Back\src\main\java\com\tweetapp\repository\UserRepository.java
D:\TweetApp-Back\TweetApp_Back\src\main\java\com\tweetapp\exception\TweetNotFoundException.java
D:\TweetApp-Back\TweetApp_Back\src\main\java\com\tweetapp\facadeImpl\TweetsFacadeImpl.java
D:\TweetApp-Back\TweetApp_Back\src\main\java\com\tweetapp\payload\request\SignupRequest.java
D:\TweetApp-Back\TweetApp_Back\src\main\java\com\tweetapp\base\dao\BaseDao.java
D:\TweetApp-Back\TweetApp_Back\src\main\java\com\tweetapp\controller\UserController.java
D:\TweetApp-Back\TweetApp_Back\src\main\java\com\tweetapp\TweerAppApplication.java
D:\TweetApp-Back\TweetApp_Back\src\main\java\com\tweetapp\payload\request\LoginRequest.java
D:\TweetApp-Back\TweetApp_Back\src\main\java\com\tweetapp\payload\response\UsersResponseList.java
D:\TweetApp-Back\TweetApp_Back\src\main\java\com\tweetapp\repository\TweetsRepository.java
D:\TweetApp-Back\TweetApp_Back\src\main\java\com\tweetapp\serviceImpl\UserServicesImpl.java
D:\TweetApp-Back\TweetApp_Back\src\main\java\com\tweetapp\domain\Likes.java
D:\TweetApp-Back\TweetApp_Back\src\main\java\com\tweetapp\domain\Role.java
D:\TweetApp-Back\TweetApp_Back\src\main\java\com\tweetapp\domain\Comments.java
D:\TweetApp-Back\TweetApp_Back\src\main\java\com\tweetapp\errorResponse\ErrorResponse.java
D:\TweetApp-Back\TweetApp_Back\src\main\java\com\tweetapp\facadeImpl\UsersFacadeImpl.java
D:\TweetApp-Back\TweetApp_Back\src\main\java\com\tweetapp\util\TweetAppConstants.java
D:\TweetApp-Back\TweetApp_Back\src\main\java\com\tweetapp\domain\ERole.java
D:\TweetApp-Back\TweetApp_Back\src\main\java\com\tweetapp\controller\AuthController.java
